

================================================================
== Synthesis Summary Report of 'v_tpg'
================================================================
+ General Information: 
    * Date:           Thu Dec 21 11:33:34 2023
    * Version:        2020.2 (Build 3064766 on Wed Nov 18 09:12:47 MST 2020)
    * Project:        dma_demo_v_tpg_0_2
    * Solution:       prj (Vivado IP Flow Target)
    * Product family: zynq
    * Target device:  xc7z010-clg400-1
    

+ Performance & Resource Estimates: 
    
    PS: '+' for module; 'o' for loop; '*' for dataflow
    +-----------------------------------------+--------+-------+---------+-----------+----------+---------+------+----------+--------+---------+------------+------------+-----+
    |                 Modules                 |  Issue |       | Latency |  Latency  | Iteration|         | Trip |          |        |         |            |            |     |
    |                 & Loops                 |  Type  | Slack | (cycles)|    (ns)   |  Latency | Interval| Count| Pipelined|  BRAM  |   DSP   |     FF     |     LUT    | URAM|
    +-----------------------------------------+--------+-------+---------+-----------+----------+---------+------+----------+--------+---------+------------+------------+-----+
    |+ v_tpg*                                 |  Timing|   1.73|        -|          -|         -|        -|     -|  dataflow|  5 (4%)|  9 (11%)|  6170 (17%)|  7050 (40%)|    -|
    | + grp_tpgBackground_fu_290              |  Timing|   0.08|        -|          -|         -|        -|     -|        no|  5 (4%)|  9 (11%)|  5187 (14%)|  5095 (28%)|    -|
    |  + grp_tpgPatternDPColorSquare_fu_1154  |       -|  -0.10|        5|     33.670|         -|        1|     -|       yes|       -|        -|   231 (~0%)|    466 (2%)|    -|
    |  + grp_tpgPatternCrossHatch_fu_1199     |       -|  -0.01|        4|     26.936|         -|        1|     -|       yes|       -|        -|   262 (~0%)|    504 (2%)|    -|
    |   + grp_reg_ap_uint_10_s_fu_301         |       -|  -4.92|        1|      6.734|         -|        1|     -|       yes|       -|        -|    11 (~0%)|     9 (~0%)|    -|
    |  + grp_reg_int_s_fu_2329                |       -|  -4.92|        1|      6.734|         -|        1|     -|       yes|       -|        -|    65 (~0%)|     9 (~0%)|    -|
    |  + grp_reg_unsigned_short_s_fu_2548     |       -|  -4.92|        1|      6.734|         -|        1|     -|       yes|       -|        -|    17 (~0%)|     9 (~0%)|    -|
    |  + grp_reg_int_s_fu_2867                |       -|  -4.92|        1|      6.734|         -|        1|     -|       yes|       -|        -|    65 (~0%)|     9 (~0%)|    -|
    |  o VITIS_LOOP_525_1                     |       -|  -4.92|        -|          -|         -|        -|     -|        no|       -|        -|           -|           -|    -|
    |   o VITIS_LOOP_527_2                    |       -|  -4.92|        -|          -|        18|        1|     -|       yes|       -|        -|           -|           -|    -|
    | + grp_tpgForeground_fu_439              |  Timing|   1.73|        -|          -|         -|        -|     -|        no|       -|        -|   271 (~0%)|    875 (4%)|    -|
    |  o VITIS_LOOP_744_1                     |       -|  -4.92|        -|          -|         -|        -|     -|        no|       -|        -|           -|           -|    -|
    |   o VITIS_LOOP_746_2                    |       -|  -4.92|        -|          -|         3|        1|     -|       yes|       -|        -|           -|           -|    -|
    | + grp_MultiPixStream2AXIvideo_fu_479    |       -|  -1.21|   232321|  1.564e+06|         -|   232321|     -|        no|       -|        -|    72 (~0%)|    342 (1%)|    -|
    |  o VITIS_LOOP_957_1                     |       -|  -4.92|   232320|  1.564e+06|       484|        -|   480|        no|       -|        -|           -|           -|    -|
    |   o VITIS_LOOP_962_2                    |       -|  -4.92|      481|  3.239e+03|         3|        1|   480|       yes|       -|        -|           -|           -|    -|
    +-----------------------------------------+--------+-------+---------+-----------+----------+---------+------+----------+--------+---------+------------+------------+-----+

